// Jest Snapshot v1, https://goo.gl/fbAQLP

exports[`should render SignInBox correctly 1`] = `
<div
  className="signup-page"
>
  <Connect(CreateAccountForm) />
</div>
`;
