// Jest Snapshot v1, https://goo.gl/fbAQLP

exports[`should render LoginAccountPage correctly 1`] = `
<div
  className="login-page"
>
  <Connect(LoginAccountBox) />
</div>
`;
