// Jest Snapshot v1, https://goo.gl/fbAQLP

exports[`should render LoginPage correctly 1`] = `
<div
  className="login-page"
>
  <Connect(SignInBox) />
</div>
`;
